// Jest Snapshot v1, https://goo.gl/fbAQLP

exports[`<ReservationsPage  /> should match snapshot 1`] = `
<div
  class="justify-content-center h-75 w-100 row"
>
  <table
    class="w-100 mr-5 ml-5 table table-striped table-bordered table-hover"
  >
    <thead>
      <tr
        class="text-center"
        style="background-color: rgb(112, 112, 112); color: rgb(229, 229, 229); font-family: Lato;"
      >
        <th>
          Book
        </th>
        <th>
          ISBN
        </th>
        <th>
          Copies
        </th>
        <th>
          University ID
        </th>
        <th>
          Date of Reservation
        </th>
        <th>
          Status
        </th>
        <th>
          Actions
        </th>
      </tr>
    </thead>
    <tbody />
  </table>
</div>
`;
